'forge clean' running (wd: /home/shaburshila/Documents/Projects/PitchTerminal-web/contracts)
'forge config --json' running
'forge build --build-info src/LimitOrderExecutor.sol' running (wd: /home/shaburshila/Documents/Projects/PitchTerminal-web/contracts)
INFO:Detectors:
Detector: arbitrary-send-erc20
LimitOrderExecutor.execute(LimitOrderExecutor.Order,bytes) (src/LimitOrderExecutor.sol#320-396) uses arbitrary from in transferFrom: IERC20(inToken).safeTransferFrom(order.owner,address(this),order.amountIn) (src/LimitOrderExecutor.sol#372)
Reference: https://github.com/crytic/slither/wiki/Detector-Documentation#arbitrary-from-in-transferfrom
INFO:Detectors:
Detector: divide-before-multiply
LimitOrderExecutor._minOut(LimitOrderExecutor.Order) (src/LimitOrderExecutor.sol#490-506) performs a multiplication on the result of a division:
	- quoteIdeal = (o.amountIn * o.targetPrice) / ONE (src/LimitOrderExecutor.sol#503)
	- (quoteIdeal * (BPS_DENOM - discount)) / BPS_DENOM (src/LimitOrderExecutor.sol#504)
LimitOrderExecutor._minOut(LimitOrderExecutor.Order) (src/LimitOrderExecutor.sol#490-506) performs a multiplication on the result of a division:
	- baseIdeal = (o.amountIn * ONE) / o.targetPrice (src/LimitOrderExecutor.sol#498)
	- (baseIdeal * (BPS_DENOM - discount)) / BPS_DENOM (src/LimitOrderExecutor.sol#499)
Reference: https://github.com/crytic/slither/wiki/Detector-Documentation#divide-before-multiply
INFO:Detectors:
Detector: unused-return
SignatureChecker.isValidSignatureNow(address,bytes32,bytes) (lib/openzeppelin-contracts/contracts/utils/cryptography/SignatureChecker.sol#22-27) ignores return value by (recovered,error,None) = ECDSA.tryRecover(hash,signature) (lib/openzeppelin-contracts/contracts/utils/cryptography/SignatureChecker.sol#23)
LimitOrderExecutor.execute(LimitOrderExecutor.Order,bytes) (src/LimitOrderExecutor.sol#320-396) ignores return value by router.buy(order.token,order.amountIn,minOut) (src/LimitOrderExecutor.sol#376)
LimitOrderExecutor.execute(LimitOrderExecutor.Order,bytes) (src/LimitOrderExecutor.sol#320-396) ignores return value by router.sell(order.token,order.amountIn,minOut) (src/LimitOrderExecutor.sol#378)
Reference: https://github.com/crytic/slither/wiki/Detector-Documentation#unused-return
INFO:Detectors:
Detector: shadowing-local
LimitOrderExecutor.constructor(IERC20,IHook,IHook,IRouter,IRouter,address)._owner (src/LimitOrderExecutor.sol#278) shadows:
	- Ownable._owner (lib/openzeppelin-contracts/contracts/access/Ownable.sol#21) (state variable)
LimitOrderExecutor.execute(LimitOrderExecutor.Order,bytes).digest (src/LimitOrderExecutor.sol#348) shadows:
	- LimitOrderExecutor.digest(LimitOrderExecutor.Order) (src/LimitOrderExecutor.sol#449-451) (function)
LimitOrderExecutor.isNonceUsed(address,uint256).owner (src/LimitOrderExecutor.sol#417) shadows:
	- Ownable.owner() (lib/openzeppelin-contracts/contracts/access/Ownable.sol#56-58) (function)
Reference: https://github.com/crytic/slither/wiki/Detector-Documentation#local-variable-shadowing
INFO:Detectors:
Detector: missing-zero-check
Ownable2Step.transferOwnership(address).newOwner (lib/openzeppelin-contracts/contracts/access/Ownable2Step.sol#35) lacks a zero-check on :
		- _pendingOwner = newOwner (lib/openzeppelin-contracts/contracts/access/Ownable2Step.sol#36)
Reference: https://github.com/crytic/slither/wiki/Detector-Documentation#missing-zero-address-validation
INFO:Detectors:
Detector: timestamp
LimitOrderExecutor.execute(LimitOrderExecutor.Order,bytes) (src/LimitOrderExecutor.sol#320-396) uses timestamp for comparisons
	Dangerous comparisons:
	- order.expiry != 0 && block.timestamp > order.expiry (src/LimitOrderExecutor.sol#338)
Reference: https://github.com/crytic/slither/wiki/Detector-Documentation#block-timestamp
INFO:Detectors:
Detector: assembly
Address._revert(bytes) (lib/openzeppelin-contracts/contracts/utils/Address.sol#146-158) uses assembly
	- INLINE ASM (lib/openzeppelin-contracts/contracts/utils/Address.sol#151-154)
ECDSA.tryRecover(bytes32,bytes) (lib/openzeppelin-contracts/contracts/utils/cryptography/ECDSA.sol#56-73) uses assembly
	- INLINE ASM (lib/openzeppelin-contracts/contracts/utils/cryptography/ECDSA.sol#64-68)
Reference: https://github.com/crytic/slither/wiki/Detector-Documentation#assembly-usage
INFO:Detectors:
Detector: pragma
2 different versions of Solidity are used:
	- Version constraint ^0.8.20 is used by:
		-^0.8.20 (lib/openzeppelin-contracts/contracts/access/Ownable.sol#4)
		-^0.8.20 (lib/openzeppelin-contracts/contracts/access/Ownable2Step.sol#4)
		-^0.8.20 (lib/openzeppelin-contracts/contracts/interfaces/IERC1271.sol#4)
		-^0.8.20 (lib/openzeppelin-contracts/contracts/token/ERC20/IERC20.sol#4)
		-^0.8.20 (lib/openzeppelin-contracts/contracts/token/ERC20/extensions/IERC20Permit.sol#4)
		-^0.8.20 (lib/openzeppelin-contracts/contracts/token/ERC20/utils/SafeERC20.sol#4)
		-^0.8.20 (lib/openzeppelin-contracts/contracts/utils/Address.sol#4)
		-^0.8.20 (lib/openzeppelin-contracts/contracts/utils/Context.sol#4)
		-^0.8.20 (lib/openzeppelin-contracts/contracts/utils/Pausable.sol#4)
		-^0.8.20 (lib/openzeppelin-contracts/contracts/utils/ReentrancyGuard.sol#4)
		-^0.8.20 (lib/openzeppelin-contracts/contracts/utils/cryptography/ECDSA.sol#4)
		-^0.8.20 (lib/openzeppelin-contracts/contracts/utils/cryptography/SignatureChecker.sol#4)
		-^0.8.20 (src/interfaces/IHook.sol#2)
		-^0.8.20 (src/interfaces/IRouter.sol#2)
	- Version constraint 0.8.26 is used by:
		-0.8.26 (src/LimitOrderExecutor.sol#2)
Reference: https://github.com/crytic/slither/wiki/Detector-Documentation#different-pragma-directives-are-used
INFO:Detectors:
Detector: cyclomatic-complexity
LimitOrderExecutor.execute(LimitOrderExecutor.Order,bytes) (src/LimitOrderExecutor.sol#320-396) has a high cyclomatic complexity (16).
Reference: https://github.com/crytic/slither/wiki/Detector-Documentation#cyclomatic-complexity
INFO:Detectors:
Detector: solc-version
Version constraint ^0.8.20 contains known severe issues (https://solidity.readthedocs.io/en/latest/bugs.html)
	- VerbatimInvalidDeduplication
	- FullInlinerNonExpressionSplitArgumentEvaluationOrder
	- MissingSideEffectsOnSelectorAccess.
It is used by:
	- ^0.8.20 (lib/openzeppelin-contracts/contracts/access/Ownable.sol#4)
	- ^0.8.20 (lib/openzeppelin-contracts/contracts/access/Ownable2Step.sol#4)
	- ^0.8.20 (lib/openzeppelin-contracts/contracts/interfaces/IERC1271.sol#4)
	- ^0.8.20 (lib/openzeppelin-contracts/contracts/token/ERC20/IERC20.sol#4)
	- ^0.8.20 (lib/openzeppelin-contracts/contracts/token/ERC20/extensions/IERC20Permit.sol#4)
	- ^0.8.20 (lib/openzeppelin-contracts/contracts/token/ERC20/utils/SafeERC20.sol#4)
	- ^0.8.20 (lib/openzeppelin-contracts/contracts/utils/Address.sol#4)
	- ^0.8.20 (lib/openzeppelin-contracts/contracts/utils/Context.sol#4)
	- ^0.8.20 (lib/openzeppelin-contracts/contracts/utils/Pausable.sol#4)
	- ^0.8.20 (lib/openzeppelin-contracts/contracts/utils/ReentrancyGuard.sol#4)
	- ^0.8.20 (lib/openzeppelin-contracts/contracts/utils/cryptography/ECDSA.sol#4)
	- ^0.8.20 (lib/openzeppelin-contracts/contracts/utils/cryptography/SignatureChecker.sol#4)
	- ^0.8.20 (src/interfaces/IHook.sol#2)
	- ^0.8.20 (src/interfaces/IRouter.sol#2)
Reference: https://github.com/crytic/slither/wiki/Detector-Documentation#incorrect-versions-of-solidity
INFO:Detectors:
Detector: low-level-calls
Low level call in SafeERC20._callOptionalReturnBool(IERC20,bytes) (lib/openzeppelin-contracts/contracts/token/ERC20/utils/SafeERC20.sol#110-117):
	- (success,returndata) = address(token).call(data) (lib/openzeppelin-contracts/contracts/token/ERC20/utils/SafeERC20.sol#115)
Low level call in Address.sendValue(address,uint256) (lib/openzeppelin-contracts/contracts/utils/Address.sol#41-50):
	- (success,None) = recipient.call{value: amount}() (lib/openzeppelin-contracts/contracts/utils/Address.sol#46)
Low level call in Address.functionCallWithValue(address,bytes,uint256) (lib/openzeppelin-contracts/contracts/utils/Address.sol#83-89):
	- (success,returndata) = target.call{value: value}(data) (lib/openzeppelin-contracts/contracts/utils/Address.sol#87)
Low level call in Address.functionStaticCall(address,bytes) (lib/openzeppelin-contracts/contracts/utils/Address.sol#95-98):
	- (success,returndata) = target.staticcall(data) (lib/openzeppelin-contracts/contracts/utils/Address.sol#96)
Low level call in Address.functionDelegateCall(address,bytes) (lib/openzeppelin-contracts/contracts/utils/Address.sol#104-107):
	- (success,returndata) = target.delegatecall(data) (lib/openzeppelin-contracts/contracts/utils/Address.sol#105)
Low level call in SignatureChecker.isValidERC1271SignatureNow(address,bytes32,bytes) (lib/openzeppelin-contracts/contracts/utils/cryptography/SignatureChecker.sol#36-47):
	- (success,result) = signer.staticcall(abi.encodeCall(IERC1271.isValidSignature,(hash,signature))) (lib/openzeppelin-contracts/contracts/utils/cryptography/SignatureChecker.sol#41-43)
Reference: https://github.com/crytic/slither/wiki/Detector-Documentation#low-level-calls
INFO:Detectors:
Detector: naming-convention
Function IERC20Permit.DOMAIN_SEPARATOR() (lib/openzeppelin-contracts/contracts/token/ERC20/extensions/IERC20Permit.sol#89) is not in mixedCase
Variable LimitOrderExecutor.PITCH (src/LimitOrderExecutor.sol#153) is not in mixedCase
Variable LimitOrderExecutor.PLAYER_HOOK (src/LimitOrderExecutor.sol#156) is not in mixedCase
Variable LimitOrderExecutor.COUNTRY_HOOK (src/LimitOrderExecutor.sol#159) is not in mixedCase
Variable LimitOrderExecutor.PLAYER_ROUTER (src/LimitOrderExecutor.sol#162) is not in mixedCase
Variable LimitOrderExecutor.COUNTRY_ROUTER (src/LimitOrderExecutor.sol#165) is not in mixedCase
Variable LimitOrderExecutor.DOMAIN_SEPARATOR (src/LimitOrderExecutor.sol#171) is not in mixedCase
Reference: https://github.com/crytic/slither/wiki/Detector-Documentation#conformance-to-solidity-naming-conventions
INFO:Detectors:
Detector: unindexed-event-address
Event Pausable.Paused(address) (lib/openzeppelin-contracts/contracts/utils/Pausable.sol#23) has address parameters but no indexed parameters
Event Pausable.Unpaused(address) (lib/openzeppelin-contracts/contracts/utils/Pausable.sol#28) has address parameters but no indexed parameters
Reference: https://github.com/crytic/slither/wiki/Detector-Documentation#unindexed-event-address-parameters
INFO:Slither:src/LimitOrderExecutor.sol analyzed (15 contracts with 101 detectors), 31 result(s) found
