'forge clean' running (wd: /home/shaburshila/Documents/Projects/PitchTerminal-web/contracts)
'forge config --json' running
'forge build --build-info src/PitchTerminalAccess.sol' running (wd: /home/shaburshila/Documents/Projects/PitchTerminal-web/contracts)
INFO:Detectors:
Detector: shadowing-local
PitchTerminalAccess.constructor(IERC20,address,uint256,uint16,uint16,address)._owner (src/PitchTerminalAccess.sol#200) shadows:
	- Ownable._owner (lib/openzeppelin-contracts/contracts/access/Ownable.sol#21) (state variable)
Reference: https://github.com/crytic/slither/wiki/Detector-Documentation#local-variable-shadowing
INFO:Detectors:
Detector: missing-zero-check
Ownable2Step.transferOwnership(address).newOwner (lib/openzeppelin-contracts/contracts/access/Ownable2Step.sol#35) lacks a zero-check on :
		- _pendingOwner = newOwner (lib/openzeppelin-contracts/contracts/access/Ownable2Step.sol#36)
Reference: https://github.com/crytic/slither/wiki/Detector-Documentation#missing-zero-address-validation
INFO:Detectors:
Detector: assembly
Address._revert(bytes) (lib/openzeppelin-contracts/contracts/utils/Address.sol#146-158) uses assembly
	- INLINE ASM (lib/openzeppelin-contracts/contracts/utils/Address.sol#151-154)
Reference: https://github.com/crytic/slither/wiki/Detector-Documentation#assembly-usage
INFO:Detectors:
Detector: pragma
2 different versions of Solidity are used:
	- Version constraint ^0.8.20 is used by:
		-^0.8.20 (lib/openzeppelin-contracts/contracts/access/Ownable.sol#4)
		-^0.8.20 (lib/openzeppelin-contracts/contracts/access/Ownable2Step.sol#4)
		-^0.8.20 (lib/openzeppelin-contracts/contracts/token/ERC20/IERC20.sol#4)
		-^0.8.20 (lib/openzeppelin-contracts/contracts/token/ERC20/extensions/IERC20Permit.sol#4)
		-^0.8.20 (lib/openzeppelin-contracts/contracts/token/ERC20/utils/SafeERC20.sol#4)
		-^0.8.20 (lib/openzeppelin-contracts/contracts/utils/Address.sol#4)
		-^0.8.20 (lib/openzeppelin-contracts/contracts/utils/Context.sol#4)
		-^0.8.20 (lib/openzeppelin-contracts/contracts/utils/ReentrancyGuard.sol#4)
	- Version constraint 0.8.26 is used by:
		-0.8.26 (src/PitchTerminalAccess.sol#2)
Reference: https://github.com/crytic/slither/wiki/Detector-Documentation#different-pragma-directives-are-used
INFO:Detectors:
Detector: solc-version
Version constraint ^0.8.20 contains known severe issues (https://solidity.readthedocs.io/en/latest/bugs.html)
	- VerbatimInvalidDeduplication
	- FullInlinerNonExpressionSplitArgumentEvaluationOrder
	- MissingSideEffectsOnSelectorAccess.
It is used by:
	- ^0.8.20 (lib/openzeppelin-contracts/contracts/access/Ownable.sol#4)
	- ^0.8.20 (lib/openzeppelin-contracts/contracts/access/Ownable2Step.sol#4)
	- ^0.8.20 (lib/openzeppelin-contracts/contracts/token/ERC20/IERC20.sol#4)
	- ^0.8.20 (lib/openzeppelin-contracts/contracts/token/ERC20/extensions/IERC20Permit.sol#4)
	- ^0.8.20 (lib/openzeppelin-contracts/contracts/token/ERC20/utils/SafeERC20.sol#4)
	- ^0.8.20 (lib/openzeppelin-contracts/contracts/utils/Address.sol#4)
	- ^0.8.20 (lib/openzeppelin-contracts/contracts/utils/Context.sol#4)
	- ^0.8.20 (lib/openzeppelin-contracts/contracts/utils/ReentrancyGuard.sol#4)
Reference: https://github.com/crytic/slither/wiki/Detector-Documentation#incorrect-versions-of-solidity
INFO:Detectors:
Detector: low-level-calls
Low level call in SafeERC20._callOptionalReturnBool(IERC20,bytes) (lib/openzeppelin-contracts/contracts/token/ERC20/utils/SafeERC20.sol#110-117):
	- (success,returndata) = address(token).call(data) (lib/openzeppelin-contracts/contracts/token/ERC20/utils/SafeERC20.sol#115)
Low level call in Address.sendValue(address,uint256) (lib/openzeppelin-contracts/contracts/utils/Address.sol#41-50):
	- (success,None) = recipient.call{value: amount}() (lib/openzeppelin-contracts/contracts/utils/Address.sol#46)
Low level call in Address.functionCallWithValue(address,bytes,uint256) (lib/openzeppelin-contracts/contracts/utils/Address.sol#83-89):
	- (success,returndata) = target.call{value: value}(data) (lib/openzeppelin-contracts/contracts/utils/Address.sol#87)
Low level call in Address.functionStaticCall(address,bytes) (lib/openzeppelin-contracts/contracts/utils/Address.sol#95-98):
	- (success,returndata) = target.staticcall(data) (lib/openzeppelin-contracts/contracts/utils/Address.sol#96)
Low level call in Address.functionDelegateCall(address,bytes) (lib/openzeppelin-contracts/contracts/utils/Address.sol#104-107):
	- (success,returndata) = target.delegatecall(data) (lib/openzeppelin-contracts/contracts/utils/Address.sol#105)
Reference: https://github.com/crytic/slither/wiki/Detector-Documentation#low-level-calls
INFO:Detectors:
Detector: naming-convention
Function IERC20Permit.DOMAIN_SEPARATOR() (lib/openzeppelin-contracts/contracts/token/ERC20/extensions/IERC20Permit.sol#89) is not in mixedCase
Variable PitchTerminalAccess.PITCH (src/PitchTerminalAccess.sol#69) is not in mixedCase
Variable PitchTerminalAccess.TREASURY (src/PitchTerminalAccess.sol#72) is not in mixedCase
Reference: https://github.com/crytic/slither/wiki/Detector-Documentation#conformance-to-solidity-naming-conventions
INFO:Slither:src/PitchTerminalAccess.sol analyzed (9 contracts with 101 detectors), 13 result(s) found
